// Jest Snapshot v1, https://goo.gl/fbAQLP

exports[`Pruebas en <GifItem /> debe hacer match con el snapshot. 1`] = `
<div>
  <div
    class="card"
  >
    <img
      alt="Arnold"
      src="https://domain.test/image.jpg"
    />
    <p>
      Arnold
    </p>
  </div>
</div>
`;
